Copyright 1986-2017 Xilinx, Inc. All Rights Reserved.
------------------------------------------------------------------------------------------
| Tool Version : Vivado v.2017.4 (win64) Build 2086221 Fri Dec 15 20:55:39 MST 2017
| Date         : Mon Sep 17 12:54:43 2018
| Host         : PC-201805041311 running 64-bit major release  (build 9200)
| Command      : report_control_sets -verbose -file ethernet_test_control_sets_placed.rpt
| Design       : ethernet_test
| Device       : xc7a35t
------------------------------------------------------------------------------------------

Control Set Information

Table of Contents
-----------------
1. Summary
2. Flip-Flop Distribution
3. Detailed Control Set Information

1. Summary
----------

+----------------------------------------------------------+-------+
|                          Status                          | Count |
+----------------------------------------------------------+-------+
| Number of unique control sets                            |   179 |
| Unused register locations in slices containing registers |   434 |
+----------------------------------------------------------+-------+


2. Flip-Flop Distribution
-------------------------

+--------------+-----------------------+------------------------+-----------------+--------------+
| Clock Enable | Synchronous Set/Reset | Asynchronous Set/Reset | Total Registers | Total Slices |
+--------------+-----------------------+------------------------+-----------------+--------------+
| No           | No                    | No                     |              40 |           19 |
| No           | No                    | Yes                    |            1043 |          355 |
| No           | Yes                   | No                     |              37 |           10 |
| Yes          | No                    | No                     |              21 |            8 |
| Yes          | No                    | Yes                    |            1572 |          420 |
| Yes          | Yes                   | No                     |             125 |           32 |
+--------------+-----------------------+------------------------+-----------------+--------------+


3. Detailed Control Set Information
-----------------------------------

+------------------------------------+-----------------------------------------------------------------------------------------------------------------------------------------------------+-----------------------------------------------------------------------+------------------+----------------+
|            Clock Signal            |                                                                    Enable Signal                                                                    |                            Set/Reset Signal                           | Slice Load Count | Bel Load Count |
+------------------------------------+-----------------------------------------------------------------------------------------------------------------------------------------------------+-----------------------------------------------------------------------+------------------+----------------+
|  util_gmii_to_rgmii_m0/gmii_rx_clk | mac_test0/j                                                                                                                                         | mac_test0/mac_top0/icmp0/checkout_buf_reg[8]_0                        |                1 |              1 |
|  util_gmii_to_rgmii_m0/gmii_rx_clk | mac_test0/mac_top0/mac_rx0/mac0/mac_rx_destination_mac_addr[15]_i_1_n_0                                                                             | mac_test0/mac_top0/mac_rx0/mac0/mac_rx_destination_mac_addr_reg[35]_0 |                1 |              1 |
|  sys_clk_IBUF_BUFG                 |                                                                                                                                                     |                                                                       |                1 |              1 |
|  util_gmii_to_rgmii_m0/gmii_rx_clk | mac_test0/mac_top0/mac_rx0/arp0/arp_rec_source_mac_addr[15]_i_1_n_0                                                                                 | mac_test0/mac_top0/mac_rx0/arp0/arp_rec_source_mac_addr_reg[8]_0      |                1 |              1 |
|  util_gmii_to_rgmii_m0/gmii_rx_clk | mac_test0/j                                                                                                                                         | mac_test0/mac_top0/mac_tx0/ip0/checkout_buf_reg[0]_inv_0              |                1 |              1 |
|  util_gmii_to_rgmii_m0/gmii_rx_clk | mac_test0/mac_top0/icmp0/icmp_data_length_0                                                                                                         | mac_test0/mac_top0/mac_rx0/mac0/timeout_reg[0]_0                      |                1 |              1 |
|  util_gmii_to_rgmii_m0/gmii_rx_clk | mac_test0/mac_top0/icmp0/reply_checksum_tmp                                                                                                         | mac_test0/mac_top0/mac_rx0/udp0/checksum_tmp0_reg[16]_0               |                1 |              2 |
|  util_gmii_to_rgmii_m0/gmii_rx_clk | mac_test0/mac_top0/mac_rx0/arp0/arp_rec_destination_ip_addr[23]_i_1_n_0                                                                             | mac_test0/mac_top0/mac_rx0/arp0/arp_rec_destination_mac_addr_reg[2]_0 |                1 |              2 |
|  util_gmii_to_rgmii_m0/gmii_rx_clk | mac_test0/mac_top0/mac_rx0/arp0/arp_rec_source_mac_addr[7]_i_1_n_0                                                                                  | mac_test0/mac_top0/cache0/destination_mac_addr_reg[0]_0               |                1 |              2 |
|  util_gmii_to_rgmii_m0/gmii_rx_clk | mac_test0/mac_top0/mac_rx0/arp0/arp_rec_op[7]_i_1_n_0                                                                                               | mac_test0/mac_top0/mac_rx0/arp0/arp_rec_source_mac_addr_reg[8]_0      |                1 |              2 |
|  util_gmii_to_rgmii_m0/gmii_rx_clk | mac_test0/mac_top0/mac_rx0/mac0/mac_rx_destination_mac_addr[39]_i_1_n_0                                                                             | mac_test0/mac_top0/mac_rx0/udp0/checkout_buf_reg[1]_0                 |                1 |              2 |
|  util_gmii_to_rgmii_m0/gmii_rx_clk | mac_test0/mac_top0/mac_tx0/udp0/checksum_udp_len0                                                                                                   | mac_test0/mac_top0/icmp0/checkout_buf_reg[8]_0                        |                1 |              2 |
|  sys_clk_IBUF_BUFG                 |                                                                                                                                                     | reset_m0/cnt[27]_i_1_n_0                                              |                1 |              2 |
|  util_gmii_to_rgmii_m0/gmii_rx_clk | mac_test0/mac_top0/mac_rx0/mac0/frame_type[3]                                                                                                       | mac_test0/mac_top0/mac_rx0/mac0/timeout_reg[0]_0                      |                1 |              2 |
|  util_gmii_to_rgmii_m0/gmii_rx_clk | mac_test0/mac_top0/mac_rx0/arp0/arp_rec_destination_mac_addr118_out                                                                                 | mac_test0/mac_top0/mac_rx0/arp0/arp_rec_destination_ip_addr_reg[30]_0 |                2 |              3 |
|  util_gmii_to_rgmii_m0/gmii_rx_clk | mac_test0/mac_top0/mac_rx0/arp0/arp_rec_destination_ip_addr[15]_i_1_n_0                                                                             | mac_test0/mac_top0/mac_rx0/arp0/arp_rec_destination_ip_addr_reg[30]_0 |                1 |              3 |
|  util_gmii_to_rgmii_m0/gmii_rx_clk | mac_test0/mac_top0/mac_rx0/arp0/arp_rec_destination_ip_addr18_out                                                                                   | mac_test0/mac_top0/mac_rx0/arp0/arp_rec_destination_mac_addr_reg[2]_0 |                1 |              3 |
|  util_gmii_to_rgmii_m0/gmii_rx_clk | mac_test0/mac_top0/mac_rx0/arp0/arp_rec_destination_mac_addr[15]_i_1_n_0                                                                            | mac_test0/mac_top0/mac_rx0/arp0/arp_rec_destination_ip_addr_reg[30]_0 |                1 |              3 |
|  util_gmii_to_rgmii_m0/gmii_rx_clk | mac_test0/mac_top0/mac_rx0/arp0/arp_rec_destination_mac_addr[31]_i_1_n_0                                                                            | mac_test0/mac_top0/mac_rx0/arp0/arp_rec_destination_ip_addr_reg[30]_0 |                1 |              3 |
|  util_gmii_to_rgmii_m0/gmii_rx_clk | mac_test0/mac_top0/mac_rx0/arp0/arp_rec_destination_ip_addr[7]_i_1_n_0                                                                              | mac_test0/mac_top0/mac_rx0/arp0/arp_rec_destination_ip_addr_reg[30]_0 |                1 |              3 |
|  util_gmii_to_rgmii_m0/gmii_rx_clk | mac_test0/mac_top0/mac_rx0/arp0/arp_rec_destination_mac_addr[23]_i_1_n_0                                                                            | mac_test0/mac_top0/mac_rx0/arp0/arp_rec_destination_ip_addr_reg[30]_0 |                1 |              3 |
|  util_gmii_to_rgmii_m0/gmii_rx_clk | mac_test0/mac_top0/mac_tx0/udp0/check_out                                                                                                           | mac_test0/mac_top0/mac_tx0/udp0/checksum_wr_reg_0                     |                1 |              3 |
|  util_gmii_to_rgmii_m0/gmii_rx_clk | mac_test0/mac_top0/mac_rx0/arp0/arp_rec_destination_mac_addr[7]_i_1_n_0                                                                             | mac_test0/mac_top0/mac_rx0/arp0/arp_rec_destination_ip_addr_reg[30]_0 |                1 |              3 |
|  util_gmii_to_rgmii_m0/gmii_rx_clk | mac_test0/mac_top0/mac_rx0/arp0/arp_rec_destination_mac_addr[39]_i_1_n_0                                                                            | mac_test0/mac_top0/mac_rx0/arp0/arp_rec_destination_ip_addr_reg[30]_0 |                1 |              3 |
|  util_gmii_to_rgmii_m0/gmii_rx_clk | mac_test0/mac_top0/mac_tx0/udp0/udp_tx_checksum/U0/inst_fifo_gen/gconvfifo.rf/grf.rf/gntv_or_sync_fifo.gl0.wr/gwss.wsts/E[0]                        | mac_test0/mac_top0/mac_rx0/ip0/checksum_buf_reg[0]_0                  |                1 |              4 |
|  util_gmii_to_rgmii_m0/gmii_rx_clk | miim_top_m0/miim_control_inst/state[3]_i_1_n_0                                                                                                      |                                                                       |                1 |              4 |
|  util_gmii_to_rgmii_m0/gmii_rx_clk | miim_top_m0/miim_control_inst/after_ack_state[3]_i_1_n_0                                                                                            |                                                                       |                1 |              4 |
|  util_gmii_to_rgmii_m0/gmii_rx_clk | miim_top_m0/miim_inst/data_bit_position[3]_i_2_n_0                                                                                                  | miim_top_m0/miim_inst/data_bit_position[3]_i_1_n_0                    |                1 |              4 |
|  util_gmii_to_rgmii_m0/gmii_rx_clk | miim_top_m0/miim_inst/FSM_sequential_state[3]_i_1_n_0                                                                                               |                                                                       |                2 |              4 |
|  util_gmii_to_rgmii_m0/gmii_rx_clk |                                                                                                                                                     | mac_test0/mac_top0/mac_rx0/udp0/checksum_tmp0_reg[16]_0               |                1 |              4 |
|  util_gmii_to_rgmii_m0/gmii_rx_clk | miim_top_m0/miim_control_inst/miim_data_write_o[12]_i_1_n_0                                                                                         |                                                                       |                2 |              4 |
|  util_gmii_to_rgmii_m0/gmii_rx_clk | mac_test0/mac_top0/mac_tx0/udp0/checkout_buf[15]_i_1_n_0                                                                                            | mac_test0/mac_top0/mac_tx0/udp0/checksum_wr_reg_0                     |                1 |              4 |
|  util_gmii_to_rgmii_m0/gmii_rx_clk | mac_test0/mac_top0/mac_tx0/udp0/checkout_buf[15]_i_1_n_0                                                                                            | mac_test0/mac_top0/mac_tx0/udp0/checksum_tmp8_reg[11]_0               |                1 |              4 |
|  util_gmii_to_rgmii_m0/gmii_rx_clk | mac_test0/mac_top0/mac_rx0/ip0/header_length_buf0                                                                                                   | mac_test0/mac_top0/mac_rx0/udp0/udp_checksum_error_reg_0              |                1 |              4 |
|  util_gmii_to_rgmii_m0/gmii_rx_clk | mac_test0/mac_top0/mac_rx0/mac0/preamble_cnt[3]_i_1_n_0                                                                                             | mac_test0/mac_top0/mac_rx0/mac0/timeout_reg[0]_0                      |                1 |              4 |
|  util_gmii_to_rgmii_m0/gmii_rx_clk | mac_test0/mac_top0/mac_rx0/ip0/ip_rec_source_addr[31]_i_1_n_0                                                                                       | mac_test0/mac_top0/mac_rx0/arp0/arp_rec_destination_ip_addr_reg[30]_0 |                1 |              4 |
|  util_gmii_to_rgmii_m0/gmii_rx_clk | mac_test0/mac_top0/mac_rx0/ip0/ip_rec_source_addr[15]_i_1_n_0                                                                                       | mac_test0/mac_top0/mac_rx0/arp0/arp_rec_destination_ip_addr_reg[30]_0 |                1 |              4 |
|  util_gmii_to_rgmii_m0/gmii_rx_clk | mac_test0/mac_top0/mac_rx0/ip0/ip_rec_source_addr[15]_i_1_n_0                                                                                       | mac_test0/mac_top0/mac_rx0/arp0/arp_rec_destination_mac_addr_reg[2]_0 |                1 |              4 |
|  util_gmii_to_rgmii_m0/gmii_rx_clk | mac_test0/mac_top0/mac_rx0/arp0/arp_rec_op1                                                                                                         | mac_test0/mac_top0/mac_rx0/arp0/arp_rec_destination_ip_addr_reg[30]_0 |                1 |              4 |
|  util_gmii_to_rgmii_m0/gmii_rx_clk | mac_test0/mac_top0/mac_rx0/arp0/arp_rec_op1                                                                                                         | mac_test0/mac_top0/mac_rx0/arp0/arp_rec_destination_mac_addr_reg[2]_0 |                1 |              4 |
|  util_gmii_to_rgmii_m0/gmii_rx_clk | mac_test0/mac_top0/mac_rx0/udp0/checksum_tmp5[31]_i_1_n_0                                                                                           | mac_test0/mac_top0/mac_rx0/arp0/arp_rec_destination_mac_addr_reg[2]_0 |                1 |              4 |
|  util_gmii_to_rgmii_m0/gmii_rx_clk | mac_test0/mac_top0/mac_rx0/ip0/ip_rec_source_addr[31]_i_1_n_0                                                                                       | mac_test0/mac_top0/mac_rx0/arp0/arp_rec_destination_mac_addr_reg[2]_0 |                1 |              4 |
|  util_gmii_to_rgmii_m0/gmii_rx_clk | mac_test0/mac_top0/mac_rx0/ip0/ip_rec_source_addr[7]_i_1_n_0                                                                                        | mac_test0/mac_top0/mac_rx0/arp0/arp_rec_destination_mac_addr_reg[2]_0 |                1 |              4 |
|  util_gmii_to_rgmii_m0/gmii_rx_clk | mac_test0/mac_top0/mac_rx0/ip0/ip_rec_source_addr[23]_i_1_n_0                                                                                       | mac_test0/mac_top0/mac_rx0/arp0/arp_rec_destination_ip_addr_reg[30]_0 |                1 |              4 |
|  util_gmii_to_rgmii_m0/gmii_rx_clk | mac_test0/mac_top0/mac_rx0/ip0/ip_rec_source_addr[23]_i_1_n_0                                                                                       | mac_test0/mac_top0/mac_rx0/arp0/arp_rec_destination_mac_addr_reg[2]_0 |                1 |              4 |
|  util_gmii_to_rgmii_m0/gmii_rx_clk | mac_test0/mac_top0/mac_rx0/udp0/checksum_tmp0                                                                                                       | mac_test0/mac_top0/mac_rx0/arp0/arp_rec_destination_mac_addr_reg[2]_0 |                1 |              4 |
|  util_gmii_to_rgmii_m0/gmii_rx_clk | mac_test0/mac_top0/mac_rx0/ip0/check_out[15]_i_1__1_n_0                                                                                             | mac_test0/mac_top0/mac_tx0/udp0/checksum_tmp8_reg[11]_0               |                2 |              4 |
|  util_gmii_to_rgmii_m0/gmii_rx_clk |                                                                                                                                                     | mac_test0/mac_top0/mac_rx0/arp0/arp_rec_destination_ip_addr_reg[30]_0 |                2 |              4 |
|  util_gmii_to_rgmii_m0/gmii_rx_clk | mac_test0/mac_top0/mac_rx0/ip0/ip_rec_source_addr[7]_i_1_n_0                                                                                        | mac_test0/mac_top0/mac_rx0/arp0/arp_rec_destination_ip_addr_reg[30]_0 |                1 |              4 |
|  util_gmii_to_rgmii_m0/gmii_rx_clk | mac_test0/mac_top0/mac_rx0/arp0/arp_rec_destination_mac_addr118_out                                                                                 | mac_test0/mac_top0/mac_rx0/arp0/arp_rec_destination_mac_addr_reg[2]_0 |                1 |              5 |
|  util_gmii_to_rgmii_m0/gmii_rx_clk | mac_test0/mac_top0/mac_rx0/arp0/arp_rec_destination_mac_addr[7]_i_1_n_0                                                                             | mac_test0/mac_top0/mac_rx0/arp0/arp_rec_destination_mac_addr_reg[2]_0 |                2 |              5 |
|  util_gmii_to_rgmii_m0/gmii_rx_clk | mac_test0/i[4]_i_1_n_0                                                                                                                              | mac_test0/mac_top0/mac_tx0/ip0/checkout_buf_reg[0]_inv_0              |                2 |              5 |
|  util_gmii_to_rgmii_m0/gmii_rx_clk | mac_test0/mac_top0/mac_rx0/arp0/arp_rec_destination_mac_addr[31]_i_1_n_0                                                                            | mac_test0/mac_top0/mac_rx0/arp0/arp_rec_destination_mac_addr_reg[2]_0 |                2 |              5 |
|  util_gmii_to_rgmii_m0/gmii_rx_clk | miim_top_m0/miim_control_inst/register_address[4]_i_1_n_0                                                                                           |                                                                       |                2 |              5 |
|  util_gmii_to_rgmii_m0/gmii_rx_clk | mac_test0/mac_top0/mac_rx0/arp0/arp_rec_destination_ip_addr18_out                                                                                   | mac_test0/mac_top0/mac_rx0/arp0/arp_rec_destination_ip_addr_reg[30]_0 |                1 |              5 |
|  util_gmii_to_rgmii_m0/gmii_rx_clk | mac_test0/mac_top0/mac_rx0/arp0/arp_rec_destination_mac_addr[15]_i_1_n_0                                                                            | mac_test0/mac_top0/mac_rx0/arp0/arp_rec_destination_mac_addr_reg[2]_0 |                1 |              5 |
|  util_gmii_to_rgmii_m0/gmii_rx_clk | mac_test0/mac_top0/mac_rx0/arp0/arp_rec_destination_ip_addr[15]_i_1_n_0                                                                             | mac_test0/mac_top0/mac_rx0/arp0/arp_rec_destination_mac_addr_reg[2]_0 |                2 |              5 |
|  util_gmii_to_rgmii_m0/gmii_rx_clk | mac_test0/mac_top0/mac_rx0/arp0/arp_rec_destination_mac_addr[39]_i_1_n_0                                                                            | mac_test0/mac_top0/mac_rx0/arp0/arp_rec_destination_mac_addr_reg[2]_0 |                1 |              5 |
|  util_gmii_to_rgmii_m0/gmii_rx_clk | mac_test0/mac_top0/mac_rx0/arp0/arp_rec_destination_mac_addr[23]_i_1_n_0                                                                            | mac_test0/mac_top0/mac_rx0/arp0/arp_rec_destination_mac_addr_reg[2]_0 |                1 |              5 |
|  util_gmii_to_rgmii_m0/gmii_rx_clk | mac_test0/mac_top0/mac_rx0/arp0/arp_rec_destination_ip_addr[7]_i_1_n_0                                                                              | mac_test0/mac_top0/mac_rx0/arp0/arp_rec_destination_mac_addr_reg[2]_0 |                2 |              5 |
|  util_gmii_to_rgmii_m0/gmii_rx_clk | mac_test0/mac_top0/mac_rx0/ip0/ip_total_data_length[15]_i_1_n_0                                                                                     | mac_test0/mac_top0/icmp0/checkout_buf_reg[8]_0                        |                3 |              6 |
|  util_gmii_to_rgmii_m0/gmii_rx_clk | miim_top_m0/miim_inst/command_bit_position[5]_i_2_n_0                                                                                               | miim_top_m0/miim_inst/command_bit_position[5]_i_1_n_0                 |                3 |              6 |
|  util_gmii_to_rgmii_m0/gmii_rx_clk | mac_test0/mac_top0/mac_rx0/arp0/arp_rec_op[7]_i_1_n_0                                                                                               | mac_test0/mac_top0/mac_rx0/arp0/arp_rec_destination_ip_addr_reg[30]_0 |                2 |              6 |
|  util_gmii_to_rgmii_m0/gmii_rx_clk | mac_test0/mac_top0/mac_rx0/arp0/arp_rec_source_mac_addr[7]_i_1_n_0                                                                                  | mac_test0/mac_top0/mac_rx0/arp0/arp_rec_source_mac_addr_reg[8]_0      |                1 |              6 |
|  util_gmii_to_rgmii_m0/gmii_rx_clk | mac_test0/mac_top0/mac_rx0/mac0/mac_rx_destination_mac_addr[39]_i_1_n_0                                                                             | mac_test0/mac_top0/mac_rx0/mac0/mac_rx_destination_mac_addr_reg[35]_0 |                1 |              6 |
|  util_gmii_to_rgmii_m0/gmii_rx_clk | mac_test0/mac_top0/mac_rx0/mac0/frame_type[3]                                                                                                       | mac_test0/mac_top0/mac_rx0/mac0/mac_rx_destination_mac_addr_reg[35]_0 |                1 |              6 |
|  util_gmii_to_rgmii_m0/gmii_rx_clk | mac_test0/mac_top0/mac_rx0/arp0/arp_rec_destination_ip_addr[23]_i_1_n_0                                                                             | mac_test0/mac_top0/mac_rx0/arp0/arp_rec_destination_ip_addr_reg[30]_0 |                1 |              6 |
|  util_gmii_to_rgmii_m0/gmii_rx_clk | mac_test0/mac_top0/mac_rx0/mac0/mac_rx_destination_mac_addr[15]_i_1_n_0                                                                             | mac_test0/mac_top0/mac_rx0/udp0/checkout_buf_reg[1]_0                 |                2 |              7 |
|  util_gmii_to_rgmii_m0/gmii_rx_clk | mac_test0/j                                                                                                                                         | mac_test0/mac_top0/mac_rx0/udp0/udp_checksum_error_reg_0              |                2 |              7 |
|  util_gmii_to_rgmii_m0/gmii_rx_clk | mac_test0/mac_top0/mac_rx0/arp0/arp_rec_source_mac_addr[15]_i_1_n_0                                                                                 | mac_test0/mac_top0/cache0/destination_mac_addr_reg[0]_0               |                1 |              7 |
|  util_gmii_to_rgmii_m0/gmii_rx_clk |                                                                                                                                                     | mac_test0/mac_top0/mac_rx0/arp0/arp_rec_destination_mac_addr_reg[2]_0 |                2 |              8 |
|  util_gmii_to_rgmii_m0/gmii_rx_clk | mac_test0/mac_top0/mac_rx0/ip0/net_protocol0                                                                                                        | mac_test0/mac_top0/mac_rx0/udp0/udp_checksum_error_reg_0              |                3 |              8 |
|  util_gmii_to_rgmii_m0/gmii_rx_clk | mac_test0/mac_top0/mac_rx0/arp0/arp_rec_source_ip_addr124_out                                                                                       | mac_test0/mac_top0/mac_rx0/arp0/arp_rec_source_mac_addr_reg[8]_0      |                1 |              8 |
|  util_gmii_to_rgmii_m0/gmii_rx_clk | mac_test0/mac_top0/mac_rx0/arp0/arp_rec_source_ip_addr[15]_i_1_n_0                                                                                  | mac_test0/mac_top0/mac_rx0/arp0/arp_rec_source_mac_addr_reg[8]_0      |                1 |              8 |
|  util_gmii_to_rgmii_m0/gmii_rx_clk | mac_test0/mac_top0/mac_rx0/arp0/arp_rec_source_ip_addr[7]_i_1_n_0                                                                                   | mac_test0/mac_top0/mac_rx0/arp0/arp_rec_source_mac_addr_reg[8]_0      |                1 |              8 |
|  util_gmii_to_rgmii_m0/gmii_rx_clk | mac_test0/mac_top0/mac_rx0/arp0/arp_rec_source_ip_addr[23]_i_1_n_0                                                                                  | mac_test0/mac_top0/mac_rx0/arp0/arp_rec_source_mac_addr_reg[8]_0      |                1 |              8 |
|  util_gmii_to_rgmii_m0/gmii_rx_clk | mac_test0/mac_top0/mac_rx0/arp0/arp_rec_source_mac_addr[39]_i_1_n_0                                                                                 | mac_test0/mac_top0/cache0/destination_mac_addr_reg[0]_0               |                1 |              8 |
|  util_gmii_to_rgmii_m0/gmii_rx_clk | mac_test0/mac_top0/mac_rx0/arp0/arp_rec_source_mac_addr134_out                                                                                      | mac_test0/mac_top0/cache0/destination_mac_addr_reg[0]_0               |                2 |              8 |
|  util_gmii_to_rgmii_m0/gmii_rx_clk | mac_test0/mac_top0/mac_rx0/arp0/arp_rec_source_mac_addr[31]_i_1_n_0                                                                                 | mac_test0/mac_top0/cache0/destination_mac_addr_reg[0]_0               |                1 |              8 |
|  util_gmii_to_rgmii_m0/gmii_rx_clk | mac_test0/mac_top0/mac_rx0/arp0/arp_rec_source_mac_addr[23]_i_1_n_0                                                                                 | mac_test0/mac_top0/cache0/destination_mac_addr_reg[0]_0               |                1 |              8 |
|  util_gmii_to_rgmii_m0/gmii_rx_clk | mac_test0/mac_top0/mac_rx0/ip0/ip_rec_destination_addr[31]_i_1_n_0                                                                                  | mac_test0/mac_top0/mac_rx0/arp0/arp_rec_destination_mac_addr_reg[2]_0 |                2 |              8 |
|  util_gmii_to_rgmii_m0/gmii_rx_clk | mac_test0/mac_top0/mac_rx0/ip0/ip_rec_destination_addr[15]_i_1_n_0                                                                                  | mac_test0/mac_top0/mac_rx0/arp0/arp_rec_destination_mac_addr_reg[2]_0 |                2 |              8 |
|  util_gmii_to_rgmii_m0/gmii_rx_clk | mac_test0/mac_top0/mac_rx0/ip0/ip_rec_destination_addr[23]_i_1_n_0                                                                                  | mac_test0/mac_top0/mac_rx0/arp0/arp_rec_destination_mac_addr_reg[2]_0 |                2 |              8 |
|  util_gmii_to_rgmii_m0/gmii_rx_clk | mac_test0/mac_top0/mac_rx0/ip0/ip_rec_data_length1                                                                                                  | mac_test0/mac_top0/mac_rx0/udp0/udp_checksum_error_reg_0              |                3 |              8 |
|  util_gmii_to_rgmii_m0/gmii_rx_clk | mac_test0/mac_top0/mac_rx0/ip0/ip_rec_data_length[7]_i_1_n_0                                                                                        | mac_test0/mac_top0/mac_rx0/udp0/udp_checksum_error_reg_0              |                3 |              8 |
|  util_gmii_to_rgmii_m0/gmii_rx_clk | mac_test0/mac_top0/mac_rx0/ip0/ip_rec_destination_addr[7]_i_1_n_0                                                                                   | mac_test0/mac_top0/mac_rx0/arp0/arp_rec_destination_mac_addr_reg[2]_0 |                2 |              8 |
|  util_gmii_to_rgmii_m0/gmii_rx_clk | mac_test0/mac_top0/icmp0/icmp_code[7]_i_1_n_0                                                                                                       | mac_test0/mac_top0/icmp0/icmp_rx_cnt_reg[0]_0                         |                3 |              8 |
|  util_gmii_to_rgmii_m0/gmii_rx_clk | mac_test0/mac_top0/icmp0/icmp_id[7]_i_1_n_0                                                                                                         | mac_test0/mac_top0/icmp0/icmp_rx_cnt_reg[0]_0                         |                4 |              8 |
|  util_gmii_to_rgmii_m0/gmii_rx_clk | mac_test0/mac_top0/icmp0/icmp_seq[15]_i_1_n_0                                                                                                       | mac_test0/mac_top0/icmp0/icmp_rx_cnt_reg[0]_0                         |                3 |              8 |
|  util_gmii_to_rgmii_m0/gmii_rx_clk | mac_test0/mac_top0/icmp0/icmp_seq[7]_i_1_n_0                                                                                                        | mac_test0/mac_top0/icmp0/icmp_rx_cnt_reg[0]_0                         |                4 |              8 |
|  util_gmii_to_rgmii_m0/gmii_rx_clk | mac_test0/mac_top0/icmp0/p_0_in                                                                                                                     | mac_test0/mac_top0/icmp0/icmp_rx_cnt_reg[0]_0                         |                4 |              8 |
|  util_gmii_to_rgmii_m0/gmii_rx_clk | mac_test0/mac_top0/mac_rx0/mac0/crc_rec[7]                                                                                                          | mac_test0/mac_top0/mac_rx0/mac0/mac_rx_destination_mac_addr_reg[35]_0 |                1 |              8 |
|  util_gmii_to_rgmii_m0/gmii_rx_clk | mac_test0/mac_top0/mac_rx0/mac0/crc_rec[31]                                                                                                         | mac_test0/mac_top0/mac_rx0/mac0/mac_rx_destination_mac_addr_reg[35]_0 |                2 |              8 |
|  util_gmii_to_rgmii_m0/gmii_rx_clk | mac_test0/mac_top0/mac_rx0/mac0/crc_check[31]                                                                                                       | mac_test0/mac_top0/mac_rx0/mac0/mac_rx_destination_mac_addr_reg[35]_0 |                2 |              8 |
|  util_gmii_to_rgmii_m0/gmii_rx_clk | mac_test0/mac_top0/mac_rx0/mac0/crc_rec[23]                                                                                                         | mac_test0/mac_top0/mac_rx0/mac0/mac_rx_destination_mac_addr_reg[35]_0 |                1 |              8 |
|  util_gmii_to_rgmii_m0/gmii_rx_clk | mac_test0/mac_top0/mac_rx0/mac0/crc_check[23]                                                                                                       | mac_test0/mac_top0/mac_rx0/mac0/mac_rx_destination_mac_addr_reg[35]_0 |                1 |              8 |
|  util_gmii_to_rgmii_m0/gmii_rx_clk | mac_test0/mac_top0/mac_rx0/mac0/crc_check[7]                                                                                                        | mac_test0/mac_top0/mac_rx0/mac0/mac_rx_destination_mac_addr_reg[35]_0 |                1 |              8 |
|  util_gmii_to_rgmii_m0/gmii_rx_clk | mac_test0/mac_top0/mac_rx0/mac0/crc_check[15]                                                                                                       | mac_test0/mac_top0/mac_rx0/mac0/mac_rx_destination_mac_addr_reg[35]_0 |                2 |              8 |
|  util_gmii_to_rgmii_m0/gmii_rx_clk | mac_test0/mac_top0/mac_rx0/mac0/crc_rec[15]                                                                                                         | mac_test0/mac_top0/mac_rx0/mac0/mac_rx_destination_mac_addr_reg[35]_0 |                2 |              8 |
|  util_gmii_to_rgmii_m0/gmii_rx_clk | mac_test0/mac_top0/mac_rx0/mac0/frame_type[11]                                                                                                      | mac_test0/mac_top0/mac_rx0/mac0/mac_rx_destination_mac_addr_reg[35]_0 |                2 |              8 |
|  util_gmii_to_rgmii_m0/gmii_rx_clk | mac_test0/mac_top0/mac_rx0/udp0/check_out                                                                                                           | mac_test0/mac_top0/mac_rx0/arp0/arp_rec_destination_mac_addr_reg[2]_0 |                1 |              8 |
|  util_gmii_to_rgmii_m0/gmii_rx_clk | mac_test0/mac_top0/mac_rx0/mac0/preamble[15]_i_1_n_0                                                                                                | mac_test0/mac_top0/mac_rx0/mac0/preamble_reg[60]_0                    |                3 |              8 |
|  util_gmii_to_rgmii_m0/gmii_rx_clk | mac_test0/mac_top0/mac_rx0/mac0/mac_rx_destination_mac_addr[23]_i_1_n_0                                                                             | mac_test0/mac_top0/mac_rx0/mac0/mac_rx_destination_mac_addr_reg[35]_0 |                2 |              8 |
|  util_gmii_to_rgmii_m0/gmii_rx_clk | mac_test0/mac_top0/mac_rx0/mac0/mac_rx_destination_mac_addr[47]_i_1_n_0                                                                             | mac_test0/mac_top0/mac_rx0/mac0/mac_rx_destination_mac_addr_reg[35]_0 |                2 |              8 |
|  util_gmii_to_rgmii_m0/gmii_rx_clk | mac_test0/mac_top0/mac_rx0/mac0/mac_rx_destination_mac_addr[7]_i_1_n_0                                                                              | mac_test0/mac_top0/mac_rx0/udp0/checkout_buf_reg[1]_0                 |                2 |              8 |
|  util_gmii_to_rgmii_m0/gmii_rx_clk | mac_test0/mac_top0/mac_rx0/mac0/preamble[31]_i_1_n_0                                                                                                | mac_test0/mac_top0/mac_rx0/mac0/preamble_reg[60]_0                    |                1 |              8 |
|  util_gmii_to_rgmii_m0/gmii_rx_clk | mac_test0/mac_top0/mac_rx0/mac0/preamble[47]_i_1_n_0                                                                                                | mac_test0/mac_top0/mac_rx0/mac0/preamble_reg[60]_0                    |                1 |              8 |
|  util_gmii_to_rgmii_m0/gmii_rx_clk | mac_test0/mac_top0/mac_rx0/mac0/preamble[55]_i_1_n_0                                                                                                | mac_test0/mac_top0/mac_rx0/mac0/preamble_reg[60]_0                    |                2 |              8 |
|  util_gmii_to_rgmii_m0/gmii_rx_clk | mac_test0/mac_top0/mac_rx0/mac0/preamble[63]_i_1_n_0                                                                                                | mac_test0/mac_top0/mac_rx0/mac0/preamble_reg[60]_0                    |                2 |              8 |
|  util_gmii_to_rgmii_m0/gmii_rx_clk | mac_test0/mac_top0/mac_rx0/mac0/preamble[39]_i_1_n_0                                                                                                | mac_test0/mac_top0/mac_rx0/mac0/preamble_reg[60]_0                    |                1 |              8 |
|  util_gmii_to_rgmii_m0/gmii_rx_clk | mac_test0/mac_top0/mac_rx0/mac0/preamble[23]_i_1_n_0                                                                                                | mac_test0/mac_top0/mac_rx0/mac0/preamble_reg[60]_0                    |                2 |              8 |
|  util_gmii_to_rgmii_m0/gmii_rx_clk | mac_test0/mac_top0/mac_rx0/mac0/mac_rx_destination_mac_addr[31]_i_1_n_0                                                                             | mac_test0/mac_top0/mac_rx0/mac0/mac_rx_destination_mac_addr_reg[35]_0 |                1 |              8 |
|  util_gmii_to_rgmii_m0/gmii_rx_clk | mac_test0/mac_top0/mac_rx0/mac0/preamble[7]_i_1_n_0                                                                                                 | mac_test0/mac_top0/mac_rx0/mac0/preamble_reg[60]_0                    |                2 |              8 |
|  util_gmii_to_rgmii_m0/gmii_rx_clk | mac_test0/mac_top0/mac_tx0/mac0/mac_tx_data_tmp[7]_i_1_n_0                                                                                          | mac_test0/mac_top0/mac_tx0/mac0/mac_frame_data_dly_reg[1]_0           |                3 |              8 |
|  util_gmii_to_rgmii_m0/gmii_rx_clk | mac_test0/mac_top0/mac_tx0/udp0/checkout_buf[15]_i_1_n_0                                                                                            | mac_test0/mac_top0/mac_rx0/arp0/arp_rec_destination_ip_addr_reg[30]_0 |                3 |              8 |
|  util_gmii_to_rgmii_m0/gmii_rx_clk | mac_test0/mac_top0/mac_tx0/udp0/checksum_tmp9[31]_i_1_n_0                                                                                           | mac_test0/mac_top0/mac_tx0/udp0/checksum_tmp8_reg[11]_0               |                2 |              8 |
|  util_gmii_to_rgmii_m0/gmii_rx_clk | mac_test0/mac_top0/mac_tx0/udp0/udp_tx_checksum/U0/inst_fifo_gen/gconvfifo.rf/grf.rf/gntv_or_sync_fifo.gl0.rd/grss.rsts/E[0]                        | mac_test0/mac_top0/mac_rx0/ip0/checksum_buf_reg[0]_0                  |                2 |              8 |
|  util_gmii_to_rgmii_m0/gmii_rx_clk | mac_test0/mac_top0/mac_tx0/udp0/udp_tx_checksum/U0/inst_fifo_gen/gconvfifo.rf/grf.rf/gntv_or_sync_fifo.gl0.wr/gwss.wsts/gcc0.gc0.count_reg[0][0]    | mac_test0/mac_top0/mac_rx0/ip0/checksum_buf_reg[0]_0                  |                2 |              8 |
|  util_gmii_to_rgmii_m0/gmii_rx_clk | mac_test0/mac_top0/mac_rx0/ip0/ip_total_data_length[15]_i_1_n_0                                                                                     | mac_test0/mac_top0/mac_rx0/arp0/arp_rec_source_mac_addr_reg[8]_0      |                4 |             10 |
|  util_gmii_to_rgmii_m0/gmii_rx_clk | mac_test0/mac_top0/mac_tx0/udp0/checksum_tmp0                                                                                                       | mac_test0/mac_top0/mac_tx0/udp0/checksum_tmp9_reg[11]_0               |                2 |             11 |
|  util_gmii_to_rgmii_m0/gmii_rx_clk | mac_test0/mac_top0/mac_tx0/udp0/tx_data_fifo/U0/inst_fifo_gen/gconvfifo.rf/grf.rf/gntv_or_sync_fifo.gl0.rd/grss.rsts/cntr_en                        | mac_test0/mac_top0/mac_tx0/udp0/fifo_udp_len_reg[13]_0                |                3 |             12 |
|  util_gmii_to_rgmii_m0/gmii_rx_clk | mac_test0/mac_top0/mac_rx0/ip0/check_out[15]_i_1__1_n_0                                                                                             | mac_test0/mac_top0/mac_rx0/mac0/preamble_reg[60]_0                    |                4 |             12 |
|  util_gmii_to_rgmii_m0/gmii_rx_clk |                                                                                                                                                     | mac_test0/mac_top0/mac_rx0/mac0/mac_rx_destination_mac_addr_reg[35]_0 |                4 |             12 |
|  util_gmii_to_rgmii_m0/gmii_rx_clk | mac_test0/mac_top0/mac_rx0/arp0/arp_cache_reg[0]                                                                                                    | mac_test0/mac_top0/mac_rx0/ip0/checksum_buf_reg[0]_0                  |                4 |             13 |
|  util_gmii_to_rgmii_m0/gmii_rx_clk | mac_test0/mac_top0/mac_tx0/udp0/check_out                                                                                                           | mac_test0/mac_top0/mac_rx0/arp0/arp_rec_destination_ip_addr_reg[30]_0 |                2 |             13 |
|  util_gmii_to_rgmii_m0/gmii_rx_clk | mac_test0/mac_top0/mac_rx0/udp0/checksum_tmp5[31]_i_1_n_0                                                                                           | mac_test0/mac_top0/mac_rx0/udp0/checksum_tmp5_reg[17]_0               |                4 |             14 |
|  util_gmii_to_rgmii_m0/gmii_rx_clk | mac_test0/mac_top0/mac_rx0/udp0/checksum_tmp5[31]_i_1_n_0                                                                                           | mac_test0/mac_top0/mac_rx0/udp0/checksum_tmp0_reg[16]_0               |                4 |             14 |
|  util_gmii_to_rgmii_m0/gmii_rx_clk | mac_test0/mac_top0/mac_tx0/udp0/checksum_udp_len0                                                                                                   | mac_test0/mac_top0/mac_rx0/udp0/checkout_buf_reg[1]_0                 |                4 |             14 |
|  util_gmii_to_rgmii_m0/gmii_rx_clk | mac_test0/mac_top0/icmp0/icmp_data_length_0                                                                                                         | mac_test0/mac_top0/mac_rx0/arp0/arp_rec_source_mac_addr_reg[8]_0      |                4 |             15 |
|  util_gmii_to_rgmii_m0/gmii_rx_clk | mac_test0/mac_top0/mac_rx0/udp0/checksum_tmp0                                                                                                       | mac_test0/mac_top0/mac_rx0/udp0/checksum_tmp5_reg[17]_0               |                4 |             15 |
|  util_gmii_to_rgmii_m0/gmii_rx_clk | mac_test0/mac_top0/mac_rx0/udp0/udp_rec_data_length[15]_i_1_n_0                                                                                     | mac_test0/mac_top0/mac_rx0/udp0/udp_checksum_error_reg_0              |                6 |             16 |
|  util_gmii_to_rgmii_m0/gmii_rx_clk | mac_test0/mac_top0/mac_tx0/ip0/checksum                                                                                                             | mac_test0/mac_top0/mac_tx0/ip0/checkout_buf_reg[0]_inv_0              |                7 |             16 |
|  util_gmii_to_rgmii_m0/gmii_rx_clk | mac_test0/mac_top0/mac_rx0/udp0/udp_data_length                                                                                                     | mac_test0/mac_top0/mac_rx0/udp0/udp_checksum_error_reg_0              |                6 |             16 |
|  util_gmii_to_rgmii_m0/gmii_rx_clk | mac_test0/mac_top0/icmp0/reply_checkout_buf                                                                                                         | mac_test0/mac_top0/icmp0/checkout_buf_reg[8]_0                        |                5 |             16 |
|  util_gmii_to_rgmii_m0/gmii_rx_clk | mac_test0/mac_top0/mac_tx0/ip0/checkout_buf[0]_inv_i_1_n_0                                                                                          | mac_test0/mac_top0/mac_tx0/ip0/checkout_buf_reg[0]_inv_0              |                2 |             16 |
|  util_gmii_to_rgmii_m0/gmii_rx_clk | mac_test0/mac_top0/mac_tx0/udp0/check_out                                                                                                           | mac_test0/mac_top0/mac_tx0/udp0/checksum_tmp8_reg[11]_0               |                3 |             16 |
|  util_gmii_to_rgmii_m0/gmii_rx_clk | mac_test0/mac_top0/mac_tx0/ip0/ip_tx_end                                                                                                            | mac_test0/mac_top0/icmp0/icmp_rx_cnt_reg[0]_0                         |                4 |             16 |
|  util_gmii_to_rgmii_m0/gmii_rx_clk | mac_test0/mac_top0/mac_tx0/ip0/checkout_buf[0]_inv_i_1_n_0                                                                                          | mac_test0/mac_top0/mac_rx0/mac0/preamble_reg[60]_0                    |                3 |             17 |
|  util_gmii_to_rgmii_m0/gmii_rx_clk | miim_top_m0/miim_control_inst/poll_wait_counter[23]_i_2_n_0                                                                                         | miim_top_m0/miim_control_inst/poll_wait_counter[23]_i_1_n_0           |                6 |             23 |
|  util_gmii_to_rgmii_m0/gmii_rx_clk |                                                                                                                                                     | mac_test0/mac_top0/mac_rx0/arp0/arp_rec_source_mac_addr_reg[8]_0      |               14 |             23 |
|  util_gmii_to_rgmii_m0/gmii_rx_clk | mac_test0/mac_top0/mac_tx0/udp0/checksum_tmp9[31]_i_1_n_0                                                                                           | mac_test0/mac_top0/mac_tx0/udp0/checksum_tmp9_reg[11]_0               |                8 |             24 |
|  util_gmii_to_rgmii_m0/gmii_rx_clk | mac_test0/mac_top0/mac_rx0/udp0/check_out                                                                                                           | mac_test0/mac_top0/mac_rx0/udp0/checkout_buf_reg[1]_0                 |                4 |             24 |
|  util_gmii_to_rgmii_m0/gmii_rx_clk | mac_test0/mac_top0/mac_tx0/udp0/tx_data_fifo/U0/inst_fifo_gen/gconvfifo.rf/grf.rf/gntv_or_sync_fifo.gl0.rd/grss.rsts/E[0]                           | mac_test0/mac_top0/mac_tx0/udp0/fifo_udp_len_reg[13]_0                |                5 |             24 |
|  sys_clk_IBUF_BUFG                 |                                                                                                                                                     | reset_m0/cnt[25]_i_1_n_0                                              |                6 |             26 |
|  util_gmii_to_rgmii_m0/gmii_rx_clk |                                                                                                                                                     | mac_test0/mac_top0/mac_rx0/mac0/preamble_reg[60]_0                    |               12 |             28 |
|  util_gmii_to_rgmii_m0/gmii_rx_clk | mac_test0/mac_top0/icmp0/reply_checksum_tmp                                                                                                         | mac_test0/mac_top0/icmp0/checkout_buf_reg[8]_0                        |               11 |             30 |
|  util_gmii_to_rgmii_m0/gmii_rx_clk | mac_test0/mac_top0/mac_rx0/mac0/E[0]                                                                                                                | mac_test0/mac_top0/mac_rx0/mac0/crcen_i_2_n_0                         |                6 |             32 |
|  util_gmii_to_rgmii_m0/gmii_rx_clk | mac_test0/mac_top0/mac_tx0/mac0/E[0]                                                                                                                | mac_test0/mac_top0/mac_tx0/mac0/AS[0]                                 |                8 |             32 |
|  util_gmii_to_rgmii_m0/gmii_rx_clk | mac_test0/mac_top0/mac_rx0/arp0/arp_cache_reg[0]                                                                                                    | mac_test0/mac_top0/mac_rx0/arp0/arp_rec_source_mac_addr_reg[8]_0      |                7 |             32 |
|  util_gmii_to_rgmii_m0/gmii_rx_clk | mac_test0/mac_top0/mac_tx0/udp0/udp_data_length                                                                                                     | mac_test0/mac_top0/mac_tx0/udp0/fifo_udp_len_reg[13]_0                |               11 |             32 |
|  util_gmii_to_rgmii_m0/gmii_rx_clk |                                                                                                                                                     | mac_test0/mac_top0/icmp0/checkout_buf_reg[8]_0                        |                9 |             32 |
|  util_gmii_to_rgmii_m0/gmii_rx_clk | mac_test0/mac_top0/mac_tx0/mac0/E[0]                                                                                                                | mac_test0/mac_top0/mac_tx0/mac0/mac_frame_data_dly_reg[1]_0           |                7 |             32 |
|  util_gmii_to_rgmii_m0/gmii_rx_clk | mac_test0/mac_top0/icmp0/checksum_tmp                                                                                                               | mac_test0/mac_top0/mac_rx0/udp0/checksum_tmp0_reg[16]_0               |               12 |             32 |
|  util_gmii_to_rgmii_m0/gmii_rx_clk | mac_test0/mac_top0/mac_rx0/ip0/checksum_tmp0                                                                                                        | mac_test0/mac_top0/mac_rx0/ip0/checksum_buf_reg[0]_0                  |                8 |             32 |
|  util_gmii_to_rgmii_m0/gmii_rx_clk | mac_test0/mac_top0/mac_rx0/mac0/E[0]                                                                                                                | mac_test0/mac_top0/mac_rx0/mac0/AS[0]                                 |                9 |             32 |
|  util_gmii_to_rgmii_m0/gmii_rx_clk | mac_test0/mac_top0/icmp0/check_out                                                                                                                  | mac_test0/mac_top0/icmp0/checkout_buf_reg[8]_0                        |                6 |             34 |
|  util_gmii_to_rgmii_m0/gmii_rx_clk | mac_test0/mac_top0/mac_rx0/arp0/arp_cache_reg[0]                                                                                                    | mac_test0/mac_top0/cache0/destination_mac_addr_reg[0]_0               |                7 |             35 |
|  util_gmii_to_rgmii_m0/gmii_rx_clk | mac_test0/mac_top0/mac_tx0/udp0/checksum_tmp0                                                                                                       | mac_test0/mac_top0/mac_rx0/arp0/arp_rec_destination_ip_addr_reg[30]_0 |                5 |             35 |
|  util_gmii_to_rgmii_m0/gmii_rx_clk | mac_test0/mac_top0/mac_tx0/arp_tx0/arp_tx_ready0                                                                                                    | mac_test0/mac_top0/mac_rx0/udp0/checksum_tmp5_reg[17]_0               |               12 |             36 |
|  util_gmii_to_rgmii_m0/gmii_rx_clk | mac_test0/mac_top0/mac_tx0/udp0/tx_data_fifo/U0/inst_fifo_gen/gconvfifo.rf/grf.rf/gntv_or_sync_fifo.gl0.wr/gwss.wsts/gcc0.gc1.gsym.count_d1_reg[11] | mac_test0/mac_top0/mac_tx0/udp0/fifo_udp_len_reg[13]_0                |                9 |             36 |
|  util_gmii_to_rgmii_m0/gmii_rx_clk |                                                                                                                                                     |                                                                       |               18 |             39 |
|  util_gmii_to_rgmii_m0/gmii_rx_clk |                                                                                                                                                     | mac_test0/mac_top0/mac_rx0/mac0/crcen_i_2_n_0                         |                8 |             42 |
|  util_gmii_to_rgmii_m0/gmii_rx_clk |                                                                                                                                                     | mac_test0/mac_top0/mac_tx0/udp0/checksum_tmp9_reg[11]_0               |               13 |             42 |
|  util_gmii_to_rgmii_m0/gmii_rx_clk |                                                                                                                                                     | mac_test0/mac_top0/mac_tx0/udp0/checksum_tmp8_reg[11]_0               |               16 |             43 |
|  util_gmii_to_rgmii_m0/gmii_rx_clk | mac_test0/mac_top0/mac_tx0/arp_tx0/arp_tx_ready0                                                                                                    | mac_test0/mac_top0/mac_tx0/udp0/checksum_tmp9_reg[11]_0               |               15 |             44 |
|  util_gmii_to_rgmii_m0/gmii_rx_clk |                                                                                                                                                     | mac_test0/mac_top0/cache0/destination_mac_addr_reg[0]_0               |               12 |             45 |
|  util_gmii_to_rgmii_m0/gmii_rx_clk | mac_test0/mac_top0/mac_tx0/udp0/checksum_tmp0                                                                                                       | mac_test0/mac_top0/mac_tx0/udp0/checksum_tmp8_reg[11]_0               |               10 |             46 |
|  util_gmii_to_rgmii_m0/gmii_rx_clk |                                                                                                                                                     | mac_test0/mac_top0/mac_rx0/udp0/udp_checksum_error_reg_0              |               24 |             54 |
|  util_gmii_to_rgmii_m0/gmii_rx_clk |                                                                                                                                                     | mac_test0/mac_top0/mac_rx0/udp0/checksum_tmp5_reg[17]_0               |               15 |             56 |
|  util_gmii_to_rgmii_m0/gmii_rx_clk |                                                                                                                                                     | mac_test0/mac_top0/icmp0/icmp_rx_cnt_reg[0]_0                         |               23 |             65 |
|  util_gmii_to_rgmii_m0/gmii_rx_clk |                                                                                                                                                     | mac_test0/mac_top0/mac_rx0/udp0/checkout_buf_reg[1]_0                 |               11 |             66 |
|  util_gmii_to_rgmii_m0/gmii_rx_clk | mac_test0/mac_top0/mac_rx0/udp0/checksum_tmp0                                                                                                       | mac_test0/mac_top0/mac_rx0/udp0/checksum_tmp0_reg[16]_0               |               27 |             69 |
|  util_gmii_to_rgmii_m0/gmii_rx_clk |                                                                                                                                                     | mac_test0/mac_top0/mac_tx0/udp0/checksum_wr_reg_0                     |               25 |             79 |
|  util_gmii_to_rgmii_m0/gmii_rx_clk |                                                                                                                                                     | mac_test0/mac_top0/mac_rx0/ip0/checksum_buf_reg[0]_0                  |               24 |             79 |
|  util_gmii_to_rgmii_m0/gmii_rx_clk |                                                                                                                                                     | mac_test0/mac_top0/mac_tx0/mac0/mac_frame_data_dly_reg[1]_0           |               31 |             80 |
|  util_gmii_to_rgmii_m0/gmii_rx_clk |                                                                                                                                                     | mac_test0/mac_top0/mac_tx0/ip0/checkout_buf_reg[0]_inv_0              |               33 |             83 |
|  util_gmii_to_rgmii_m0/gmii_rx_clk |                                                                                                                                                     | mac_test0/mac_top0/mac_tx0/udp0/fifo_udp_len_reg[13]_0                |               32 |             93 |
|  util_gmii_to_rgmii_m0/gmii_rx_clk | mac_test0/mac_top0/mac_tx0/ip0/checkout_buf[0]_inv_i_1_n_0                                                                                          | mac_test0/mac_top0/mac_tx0/ip0/checksum_tmp8[19]_i_2_n_0              |               17 |             95 |
|  util_gmii_to_rgmii_m0/gmii_rx_clk |                                                                                                                                                     | mac_test0/mac_top0/mac_rx0/mac0/timeout_reg[0]_0                      |               47 |            114 |
+------------------------------------+-----------------------------------------------------------------------------------------------------------------------------------------------------+-----------------------------------------------------------------------+------------------+----------------+


+--------+-----------------------+
| Fanout | Number of ControlSets |
+--------+-----------------------+
| 1      |                     6 |
| 2      |                     8 |
| 3      |                    10 |
| 4      |                    25 |
| 5      |                    11 |
| 6      |                     7 |
| 7      |                     3 |
| 8      |                    48 |
| 10     |                     1 |
| 11     |                     1 |
| 12     |                     3 |
| 13     |                     2 |
| 14     |                     3 |
| 15     |                     2 |
| 16+    |                    49 |
+--------+-----------------------+


