Copyright 1986-2017 Xilinx, Inc. All Rights Reserved.
---------------------------------------------------------------------------------------------------
| Tool Version : Vivado v.2017.4 (win64) Build 2086221 Fri Dec 15 20:55:39 MST 2017
| Date         : Thu Sep 20 11:29:29 2018
| Host         : PC-201805041311 running 64-bit major release  (build 9200)
| Command      : report_utilization -file top_utilization_placed.rpt -pb top_utilization_placed.pb
| Design       : top
| Device       : 7a35tfgg484-1
| Design State : Fully Placed
---------------------------------------------------------------------------------------------------

Utilization Design Information

Table of Contents
-----------------
1. Slice Logic
1.1 Summary of Registers by Type
2. Slice Logic Distribution
3. Memory
4. DSP
5. IO and GT Specific
6. Clocking
7. Specific Feature
8. Primitives
9. Black Boxes
10. Instantiated Netlists

1. Slice Logic
--------------

+----------------------------+------+-------+-----------+-------+
|          Site Type         | Used | Fixed | Available | Util% |
+----------------------------+------+-------+-----------+-------+
| Slice LUTs                 | 7520 |     0 |     20800 | 36.15 |
|   LUT as Logic             | 6798 |     0 |     20800 | 32.68 |
|   LUT as Memory            |  722 |     0 |      9600 |  7.52 |
|     LUT as Distributed RAM |  524 |     0 |           |       |
|     LUT as Shift Register  |  198 |     0 |           |       |
| Slice Registers            | 6556 |     2 |     41600 | 15.76 |
|   Register as Flip Flop    | 6544 |     2 |     41600 | 15.73 |
|   Register as Latch        |    0 |     0 |     41600 |  0.00 |
|   Register as AND/OR       |   12 |     0 |     41600 |  0.03 |
| F7 Muxes                   |   26 |     0 |     16300 |  0.16 |
| F8 Muxes                   |    0 |     0 |      8150 |  0.00 |
+----------------------------+------+-------+-----------+-------+


1.1 Summary of Registers by Type
--------------------------------

+-------+--------------+-------------+--------------+
| Total | Clock Enable | Synchronous | Asynchronous |
+-------+--------------+-------------+--------------+
| 12    |            _ |           - |            - |
| 0     |            _ |           - |          Set |
| 0     |            _ |           - |        Reset |
| 0     |            _ |         Set |            - |
| 0     |            _ |       Reset |            - |
| 0     |          Yes |           - |            - |
| 100   |          Yes |           - |          Set |
| 772   |          Yes |           - |        Reset |
| 216   |          Yes |         Set |            - |
| 5456  |          Yes |       Reset |            - |
+-------+--------------+-------------+--------------+


2. Slice Logic Distribution
---------------------------

+-------------------------------------------+------+-------+-----------+-------+
|                 Site Type                 | Used | Fixed | Available | Util% |
+-------------------------------------------+------+-------+-----------+-------+
| Slice                                     | 2681 |     0 |      8150 | 32.90 |
|   SLICEL                                  | 1817 |     0 |           |       |
|   SLICEM                                  |  864 |     0 |           |       |
| LUT as Logic                              | 6798 |     0 |     20800 | 32.68 |
|   using O5 output only                    |    0 |       |           |       |
|   using O6 output only                    | 5469 |       |           |       |
|   using O5 and O6                         | 1329 |       |           |       |
| LUT as Memory                             |  722 |     0 |      9600 |  7.52 |
|   LUT as Distributed RAM                  |  524 |     0 |           |       |
|     using O5 output only                  |    0 |       |           |       |
|     using O6 output only                  |    0 |       |           |       |
|     using O5 and O6                       |  524 |       |           |       |
|   LUT as Shift Register                   |  198 |     0 |           |       |
|     using O5 output only                  |   17 |       |           |       |
|     using O6 output only                  |  181 |       |           |       |
|     using O5 and O6                       |    0 |       |           |       |
| LUT Flip Flop Pairs                       | 3297 |     0 |     20800 | 15.85 |
|   fully used LUT-FF pairs                 |  429 |       |           |       |
|   LUT-FF pairs with one unused LUT output | 2622 |       |           |       |
|   LUT-FF pairs with one unused Flip Flop  | 2537 |       |           |       |
| Unique Control Sets                       |  314 |       |           |       |
+-------------------------------------------+------+-------+-----------+-------+
* Note: Review the Control Sets Report for more information regarding control sets.


3. Memory
---------

+-------------------+------+-------+-----------+-------+
|     Site Type     | Used | Fixed | Available | Util% |
+-------------------+------+-------+-----------+-------+
| Block RAM Tile    |    2 |     0 |        50 |  4.00 |
|   RAMB36/FIFO*    |    2 |     0 |        50 |  4.00 |
|     RAMB36E1 only |    2 |       |           |       |
|   RAMB18          |    0 |     0 |       100 |  0.00 |
+-------------------+------+-------+-----------+-------+
* Note: Each Block RAM Tile only has one FIFO logic available and therefore can accommodate only one FIFO36E1 or one FIFO18E1. However, if a FIFO18E1 occupies a Block RAM Tile, that tile can still accommodate a RAMB18E1


4. DSP
------

+-----------+------+-------+-----------+-------+
| Site Type | Used | Fixed | Available | Util% |
+-----------+------+-------+-----------+-------+
| DSPs      |    0 |     0 |        90 |  0.00 |
+-----------+------+-------+-----------+-------+


5. IO and GT Specific
---------------------

+-----------------------------+------+-------+-----------+-------+
|          Site Type          | Used | Fixed | Available | Util% |
+-----------------------------+------+-------+-----------+-------+
| Bonded IOB                  |   88 |    88 |       250 | 35.20 |
|   IOB Master Pads           |   46 |       |           |       |
|   IOB Slave Pads            |   39 |       |           |       |
| Bonded IPADs                |    0 |     0 |        14 |  0.00 |
| Bonded OPADs                |    0 |     0 |         8 |  0.00 |
| PHY_CONTROL                 |    1 |     1 |         5 | 20.00 |
| PHASER_REF                  |    1 |     1 |         5 | 20.00 |
| OUT_FIFO                    |    4 |     4 |        20 | 20.00 |
| IN_FIFO                     |    2 |     2 |        20 | 10.00 |
| IDELAYCTRL                  |    1 |     0 |         5 | 20.00 |
| IBUFDS                      |    0 |     0 |       240 |  0.00 |
| GTPE2_CHANNEL               |    0 |     0 |         4 |  0.00 |
| PHASER_OUT/PHASER_OUT_PHY   |    4 |     4 |        20 | 20.00 |
|   PHASER_OUT_PHY only       |    4 |     4 |           |       |
| PHASER_IN/PHASER_IN_PHY     |    2 |     2 |        20 | 10.00 |
|   PHASER_IN_PHY only        |    2 |     2 |           |       |
| IDELAYE2/IDELAYE2_FINEDELAY |   16 |    16 |       250 |  6.40 |
|   IDELAYE2 only             |   16 |    16 |           |       |
| IBUFDS_GTE2                 |    0 |     0 |         2 |  0.00 |
| ILOGIC                      |   16 |    16 |       250 |  6.40 |
|   ISERDES                   |   16 |    16 |           |       |
| OLOGIC                      |   46 |    46 |       250 | 18.40 |
|   OUTFF_ODDR_Register       |    3 |     3 |           |       |
|   TFF_ODDR_Register         |    2 |     2 |           |       |
|   OSERDES                   |   43 |    43 |           |       |
+-----------------------------+------+-------+-----------+-------+


6. Clocking
-----------

+------------+------+-------+-----------+-------+
|  Site Type | Used | Fixed | Available | Util% |
+------------+------+-------+-----------+-------+
| BUFGCTRL   |    6 |     0 |        32 | 18.75 |
| BUFIO      |    0 |     0 |        20 |  0.00 |
| MMCME2_ADV |    3 |     1 |         5 | 60.00 |
| PLLE2_ADV  |    1 |     1 |         5 | 20.00 |
| BUFMRCE    |    0 |     0 |        10 |  0.00 |
| BUFHCE     |    1 |     0 |        72 |  1.39 |
| BUFR       |    0 |     0 |        20 |  0.00 |
+------------+------+-------+-----------+-------+


7. Specific Feature
-------------------

+-------------+------+-------+-----------+--------+
|  Site Type  | Used | Fixed | Available |  Util% |
+-------------+------+-------+-----------+--------+
| BSCANE2     |    0 |     0 |         4 |   0.00 |
| CAPTUREE2   |    0 |     0 |         1 |   0.00 |
| DNA_PORT    |    0 |     0 |         1 |   0.00 |
| EFUSE_USR   |    0 |     0 |         1 |   0.00 |
| FRAME_ECCE2 |    0 |     0 |         1 |   0.00 |
| ICAPE2      |    0 |     0 |         2 |   0.00 |
| PCIE_2_1    |    0 |     0 |         1 |   0.00 |
| STARTUPE2   |    0 |     0 |         1 |   0.00 |
| XADC        |    1 |     0 |         1 | 100.00 |
+-------------+------+-------+-----------+--------+


8. Primitives
-------------

+--------------------------+------+---------------------+
|         Ref Name         | Used | Functional Category |
+--------------------------+------+---------------------+
| FDRE                     | 5456 |        Flop & Latch |
| LUT6                     | 2119 |                 LUT |
| LUT3                     | 1653 |                 LUT |
| LUT5                     | 1562 |                 LUT |
| LUT4                     | 1534 |                 LUT |
| LUT2                     |  833 |                 LUT |
| RAMD32                   |  786 |  Distributed Memory |
| FDCE                     |  772 |        Flop & Latch |
| LUT1                     |  426 |                 LUT |
| CARRY4                   |  300 |          CarryLogic |
| RAMS32                   |  262 |  Distributed Memory |
| FDSE                     |  216 |        Flop & Latch |
| SRLC32E                  |  180 |  Distributed Memory |
| FDPE                     |  100 |        Flop & Latch |
| OBUF                     |   60 |                  IO |
| OSERDESE2                |   43 |                  IO |
| MUXF7                    |   26 |               MuxFx |
| SRL16E                   |   18 |  Distributed Memory |
| OBUFT                    |   18 |                  IO |
| ISERDESE2                |   16 |                  IO |
| IDELAYE2                 |   16 |                  IO |
| IBUF_INTERMDISABLE       |   16 |                  IO |
| AND2B1L                  |   10 |              Others |
| BUFG                     |    6 |               Clock |
| ODDR                     |    5 |                  IO |
| PHASER_OUT_PHY           |    4 |                  IO |
| OUT_FIFO                 |    4 |                  IO |
| OBUFTDS                  |    4 |                  IO |
| IBUFDS_INTERMDISABLE_INT |    4 |                  IO |
| IBUF                     |    4 |                  IO |
| MMCME2_ADV               |    3 |               Clock |
| INV                      |    3 |                 LUT |
| RAMB36E1                 |    2 |        Block Memory |
| PHASER_IN_PHY            |    2 |                  IO |
| OR2L                     |    2 |              Others |
| OBUFDS                   |    2 |                  IO |
| IN_FIFO                  |    2 |                  IO |
| XADC                     |    1 |              Others |
| PLLE2_ADV                |    1 |               Clock |
| PHY_CONTROL              |    1 |                  IO |
| PHASER_REF               |    1 |                  IO |
| IDELAYCTRL               |    1 |                  IO |
| BUFH                     |    1 |               Clock |
+--------------------------+------+---------------------+


9. Black Boxes
--------------

+----------+------+
| Ref Name | Used |
+----------+------+


10. Instantiated Netlists
-------------------------

+-------------------+------+
|      Ref Name     | Used |
+-------------------+------+
| video_pll         |    1 |
| sys_pll           |    1 |
| ddr3              |    1 |
| afifo_64i_32o_128 |    1 |
| afifo_32i_64o_256 |    1 |
+-------------------+------+


